=== Démarrage : 2026-09-20 20:59:40 ===
Dossier : C:\Users\johan\VS Code Wild 2\PROJET_DEFAULT_CREDIT_CARD_ML\lab_ML\corrections_niveau1
6 notebook(s) à traiter, dans l'ordre alphabétique.

[1/6] ▶ Exécution de ml1_cleaned1.ipynb ...
    ✅ OK en 988s

[2/6] ▶ Exécution de ml2_cleaned1.ipynb ...
    ✅ OK en 975s

[3/6] ▶ Exécution de ml3_cleaned1.ipynb ...
    ✅ OK en 840s

[4/6] ▶ Exécution de ml4_cleaned1.ipynb ...
    ✅ OK en 983s

[5/6] ▶ Exécution de ml5_cleaned1.ipynb ...
    ✅ OK en 961s

[6/6] ▶ Exécution de ml6_cleaned1.ipynb ...
    ✅ OK en 846s

============================================================
RÉSUMÉ : 6/6 réussis, 0/6 en échec
Temps total : 93.2 min
============================================================

Log complet écrit dans : C:\Users\johan\VS Code Wild 2\PROJET_DEFAULT_CREDIT_CARD_ML\lab_ML\corrections_niveau1\run_all_notebooks_20260920_205940.log
