=== Démarrage : 2026-09-20 23:02:15 ===
Dossier : C:\Users\johan\VS Code Wild 2\PROJET_DEFAULT_CREDIT_CARD_ML\lab_ML\correction_niveau0
6 notebook(s) à traiter, dans l'ordre alphabétique.

[1/6] ▶ Exécution de ml1_initial.ipynb ...
    ✅ OK en 1044s

[2/6] ▶ Exécution de ml2_initial.ipynb ...
    ✅ OK en 1013s

[3/6] ▶ Exécution de ml3_initial.ipynb ...
    ✅ OK en 837s

[4/6] ▶ Exécution de ml4_initial.ipynb ...
    ✅ OK en 1119s

[5/6] ▶ Exécution de ml5_initial.ipynb ...
    ✅ OK en 1016s

[6/6] ▶ Exécution de ml6_initial.ipynb ...
    ✅ OK en 863s

============================================================
RÉSUMÉ : 6/6 réussis, 0/6 en échec
Temps total : 98.2 min
============================================================

Log complet écrit dans : C:\Users\johan\VS Code Wild 2\PROJET_DEFAULT_CREDIT_CARD_ML\lab_ML\correction_niveau0\run_all_notebooks_20260920_230215.log
