=== Démarrage : 2026-09-20 18:19:18 ===
Dossier : C:\Users\johan\VS Code Wild 2\PROJET_DEFAULT_CREDIT_CARD_ML\lab_ML\corrections_niveau2
10 notebook(s) à traiter, dans l'ordre alphabétique.

[1/10] ▶ Exécution de ml10_cleaned2.ipynb ...
    ✅ OK en 1015s

[2/10] ▶ Exécution de ml1_cleaned2.ipynb ...
    ✅ OK en 962s

[3/10] ▶ Exécution de ml2_cleaned2.ipynb ...
    ✅ OK en 988s

[4/10] ▶ Exécution de ml3_cleaned2.ipynb ...
    ✅ OK en 863s

[5/10] ▶ Exécution de ml4_cleaned2.ipynb ...
    ✅ OK en 972s

[6/10] ▶ Exécution de ml5_cleaned2.ipynb ...
    ✅ OK en 1003s

[7/10] ▶ Exécution de ml6_cleaned2.ipynb ...
    ✅ OK en 868s

[8/10] ▶ Exécution de ml7_cleaned2.ipynb ...
    ✅ OK en 903s

[9/10] ▶ Exécution de ml8_cleaned2.ipynb ...
    ✅ OK en 988s

[10/10] ▶ Exécution de ml9_cleaned2.ipynb ...
    ✅ OK en 958s

============================================================
RÉSUMÉ : 10/10 réussis, 0/10 en échec
Temps total : 158.7 min
============================================================

Log complet écrit dans : C:\Users\johan\VS Code Wild 2\PROJET_DEFAULT_CREDIT_CARD_ML\lab_ML\corrections_niveau2\run_all_notebooks_20260920_181918.log
